Microchip MPLAB XC8 Compiler V2.10 ()

Linker command line:

-W-3 --edf=C:\Program Files (x86)\Microchip\xc8\v2.10\pic\dat\en_msgs.txt \
  -cs -h+dist/default/production\Prueba_PIC12.X.production.sym \
  --cmf=dist/default/production\Prueba_PIC12.X.production.cmf -z -Q12F675 \
  -oC:\Users\mario\AppData\Local\Temp\sau0.2 --defsym=__MPLAB_BUILD=1 \
  -Mdist/default/production/Prueba_PIC12.X.production.map -E1 -ver=XC8 \
  --acfsm=1493 -ASTACK=035h-05Dh -pstack=STACK -ACODE=00h-03FEh \
  -ASTRCODE=00h-03FEh -ASTRING=00h-0FFhx3,0300h-03FEh \
  -ACONST=00h-0FFhx3,0300h-03FEh -AENTRY=00h-0FFhx3,0300h-03FEh \
  -ABANK0=020h-05Dh -ARAM=020h-05Dh -AABS1=020h-05Fh -ACOMMON=05Eh-05Fh \
  -ASFR0=00h-01Fh -ASFR1=080h-0DDh \
  -preset_vec=00h,intentry=04h,init,end_init -ppowerup=CODE -pcinit=CODE \
  -pfunctab=ENTRY -ACONFIG=02007h-02007h -pconfig=CONFIG -DCONFIG=2 \
  -AIDLOC=02000h-02003h -pidloc=IDLOC -DIDLOC=2 -AEEDATA=00h-07Fh/02100h \
  -peeprom_data=EEDATA -DEEDATA=2 -posccal=03FFh -DCODE=2 -DSTRCODE=2 \
  -DSTRING=2 -DCONST=2 -DENTRY=2 -k \
  C:\Users\mario\AppData\Local\Temp\sau0.o \
  dist/default/production\Prueba_PIC12.X.production.o 

Object code version is 3.11

Machine type is 12F675



                Name                               Link     Load   Length Selector   Space Scale
C:\Users\mario\AppData\Local\Temp\sau0.o
                end_init                              B        B        1        8       0
                reset_vec                             0        0        1        0       0
                config                             2007     2007        1     400E       0
dist/default/production\Prueba_PIC12.X.production.o
                cinit                                 C        C        8        8       0
                intentry                              4        4        7        8       0
                text7                               291      291        E        8       0
                text6                               251      251       27        8       0
                text5                               278      278       19        8       0
                text4                               29F      29F        7        8       0
                text3                                DA       DA       B5        8       0
                text2                               18F      18F       68        8       0
                text1                               1F7      1F7       5A        8       0
                maintext                             14       14       C6        8       0
                cstackBANK0                          20       20       11       20       1
                dataBANK0                            33       33        2       20       1
                bssBANK0                             31       31        2       20       1
                idataBANK0                          2A6      2A6        2        8       0

TOTAL           Name                               Link     Load   Length     Space
        CLASS   STACK          

        CLASS   CODE           
                end_init                              B        B        1         0
                cinit                                 C        C        8         0
                intentry                              4        4        7         0
                reset_vec                             0        0        1         0
                text7                               291      291        E         0
                text6                               251      251       27         0
                text5                               278      278       19         0
                text4                               29F      29F        7         0
                text3                                DA       DA       B5         0
                text2                               18F      18F       68         0
                text1                               1F7      1F7       5A         0
                maintext                             14       14       C6         0
                idataBANK0                          2A6      2A6        2         0

        CLASS   STRCODE        

        CLASS   STRING         

        CLASS   CONST          

        CLASS   ENTRY          

        CLASS   BANK0          
                cstackBANK0                          20       20       11         1
                dataBANK0                            33       33        2         1
                bssBANK0                             31       31        2         1

        CLASS   RAM            

        CLASS   ABS1           
                abs_s1                               5E       5E        2         1

        CLASS   COMMON         

        CLASS   SFR0           

        CLASS   SFR1           

        CLASS   CONFIG         
                config                             2007     2007        1         0

        CLASS   IDLOC          

        CLASS   EEDATA         

        CLASS   BANK1          



SEGMENTS        Name                           Load    Length   Top    Selector   Space  Class     Delta

                reset_vec                      000000  000001  000001         0       0  CODE        2
                intentry                       000004  0002A4  0002A8         8       0  CODE        2
                cstackBANK0                    000020  000015  000035        20       1  BANK0       1
                config                         002007  000001  002008      400E       0  CONFIG      2


UNUSED ADDRESS RANGES

        Name                Unused          Largest block    Delta
        BANK0            0035-005D             29           1
        CODE             0001-0003              3           2
                         02A8-03FE            157
        CONST            0001-0003              3           2
                         02A8-03FE             58
        EEDATA           2100-217F             80           2
        ENTRY            0001-0003              3           2
                         02A8-03FE             58
        IDLOC            2000-2003              4           2
        RAM              0035-005D             29           1
        SFR0             0000-001F             20           1
        SFR1             0080-00DD             5E           1
        STACK            0035-005D             29           1
        STRCODE          0001-0003              3           2
                         02A8-03FE            157
        STRING           0001-0003              3           2
                         02A8-03FE             58

                                  Symbol Table

?___awdiv                cstackBANK0 0022
?___awmod                cstackBANK0 0022
LeerBit@res              cstackBANK0 0023
LeerByte@i               cstackBANK0 0028
LeerByte@res             cstackBANK0 0027
Transmitir@BufferTx      cstackBANK0 002D
Transmitir@a             cstackBANK0 0025
Transmitir@b             cstackBANK0 0026
Transmitir@c             cstackBANK0 0027
Transmitir@d             cstackBANK0 0028
Transmitir@e             cstackBANK0 0029
Transmitir@f             cstackBANK0 002A
Transmitir@g             cstackBANK0 002B
Transmitir@h             cstackBANK0 002C
_ANSEL                   (abs)       009F
_CMCON                   (abs)       0019
_Che                     bssBANK0    0032
_GIE                     (abs)       005F
_GP1                     (abs)       0029
_GP2                     (abs)       002A
_GPIO                    (abs)       0005
_GPIO0                   (abs)       0028
_GPIO4                   (abs)       002C
_GPIO5                   (abs)       002D
_Hum                     dataBANK0   0033
_ISR                     text7       0291
_LeerBit                 text6       0251
_LeerByte                text5       0278
_OPTION_REG              (abs)       0081
_Retardo                 text4       029F
_T0IE                    (abs)       005D
_T0IF                    (abs)       005A
_TMR0                    (abs)       0001
_TRISIO                  (abs)       0085
_TRISIO5                 (abs)       042D
_Temp                    dataBANK0   0034
_Transmitir              text3       00DA
_WPU                     (abs)       0095
__CFG_BOREN$ON           (abs)       0000
__CFG_CP$OFF             (abs)       0000
__CFG_CPD$OFF            (abs)       0000
__CFG_FOSC$INTRCIO       (abs)       0000
__CFG_MCLRE$ON           (abs)       0000
__CFG_PWRTE$OFF          (abs)       0000
__CFG_WDTE$OFF           (abs)       0000
__Habs1                  abs1        07FE
__Hbank0                 bank0       07FE
__Hbank1                 bank1       07FE
__HbssBANK0              bssBANK0    07FE
__Hcinit                 cinit       0014
__Hclrtext               clrtext     07FE
__Hcode                  code        07FE
__Hcommon                common      07FE
__Hconfig                config      2008
__HcstackBANK0           cstackBANK0 07FE
__HdataBANK0             dataBANK0   07FE
__Heeprom_data           eeprom_data 0000
__Hend_init              end_init    000C
__Hfunctab               functab     0000
__HidataBANK0            idataBANK0  07FE
__Hidloc                 idloc       0000
__Hinit                  init        000B
__Hintentry              intentry    000B
__Hmaintext              maintext    07FE
__Hosccal                osccal      03FF
__Hpowerup               powerup     0000
__Hram                   ram         07FE
__Hreset_vec             reset_vec   0001
__Hsfr0                  sfr0        07FE
__Hsfr1                  sfr1        07FE
__Hspace_0               (abs)       2008
__Hspace_1               (abs)       07FE
__Hspace_2               (abs)       0000
__Hspace_3               (abs)       0000
__Hstack                 stack       0000
__Hstrings               strings     07FE
__Htext                  text        07FE
__Labs1                  abs1        07FE
__Lbank0                 bank0       07FE
__Lbank1                 bank1       07FE
__LbssBANK0              bssBANK0    07FE
__Lcinit                 cinit       000C
__Lclrtext               clrtext     07FE
__Lcode                  code        07FE
__Lcommon                common      07FE
__Lconfig                config      2007
__LcstackBANK0           cstackBANK0 07FE
__LdataBANK0             dataBANK0   07FE
__Leeprom_data           eeprom_data 0000
__Lend_init              end_init    000B
__Lfunctab               functab     0000
__LidataBANK0            idataBANK0  07FE
__Lidloc                 idloc       0000
__Linit                  init        000B
__Lintentry              intentry    0004
__Lmaintext              maintext    07FE
__Losccal                osccal      03FF
__Lpowerup               powerup     0000
__Lram                   ram         07FE
__Lreset_vec             reset_vec   0000
__Lsfr0                  sfr0        07FE
__Lsfr1                  sfr1        07FE
__Lspace_0               (abs)       0000
__Lspace_1               (abs)       0000
__Lspace_2               (abs)       0000
__Lspace_3               (abs)       0000
__Lstack                 stack       0000
__Lstrings               strings     07FE
__Ltext                  text        07FE
__S0                     (abs)       2008
__S1                     (abs)       0035
__S2                     (abs)       0000
__S3                     (abs)       0000
___awdiv                 text2       018F
___awdiv@counter         cstackBANK0 0027
___awdiv@dividend        cstackBANK0 0024
___awdiv@divisor         cstackBANK0 0022
___awdiv@quotient        cstackBANK0 0029
___awdiv@sign            cstackBANK0 0028
___awmod                 text1       01F7
___awmod@counter         cstackBANK0 0027
___awmod@dividend        cstackBANK0 0024
___awmod@divisor         cstackBANK0 0022
___awmod@sign            cstackBANK0 0028
___int_sp                stack       0000
___latbits               (abs)       0000
___osccal_val            osccal      03FF
___sp                    stack       0000
___stackhi               (abs)       0000
___stacklo               (abs)       0000
__end_of_ISR             text7       029F
__end_of_LeerBit         text6       0278
__end_of_LeerByte        text5       0291
__end_of_Retardo         text4       02A6
__end_of_Transmitir      text3       018F
__end_of___awdiv         text2       01F7
__end_of___awmod         text1       0251
__end_of__initialization cinit       0012
__end_of_main            maintext    00DA
__initialization         cinit       000C
__pbssBANK0              bssBANK0    0031
__pcstackBANK0           cstackBANK0 0020
__pdataBANK0             dataBANK0   0033
__pidataBANK0            idataBANK0  02A6
__pintentry              intentry    0004
__pmaintext              maintext    0014
__ptext1                 text1       01F7
__ptext2                 text2       018F
__ptext3                 text3       00DA
__ptext4                 text4       029F
__ptext5                 text5       0278
__ptext6                 text6       0251
__ptext7                 text7       0291
__size_of_ISR            (abs)       0000
__size_of_LeerBit        (abs)       0000
__size_of_LeerByte       (abs)       0000
__size_of_Retardo        (abs)       0000
__size_of_Transmitir     (abs)       0000
__size_of___awdiv        (abs)       0000
__size_of___awmod        (abs)       0000
__size_of_main           (abs)       0000
_main                    maintext    0014
btemp                    (abs)       005E
end_of_initialization    cinit       0012
interrupt_function       intentry    0004
intlevel0                functab     0000
intlevel1                functab     0000
intlevel2                functab     0000
intlevel3                functab     0000
intlevel4                functab     0000
intlevel5                functab     0000
reset_vec                reset_vec   0000
saved_w                  (abs)       005E
start                    init        000B
start_initialization     cinit       000C
wtemp0                   (abs)       005E


FUNCTION INFORMATION:

 *************** function _main *****************
 Defined at:
		line 43 in file "Main12F.c"
 Parameters:    Size  Location     Type
		None
 Auto vars:     Size  Location     Type
		None
 Return value:  Size  Location     Type
                  1    wreg      void 
 Registers used:
		wreg, status,2, status,0, pclath, cstack
 Tracked objects:
		On entry : 
		On exit  : 
		Unchanged: 
 Data sizes:     COMMON   BANK0
      Params:         0       0
      Locals:         0       0
      Temps:          0       3
      Totals:         0       3
Total ram usage:        3 bytes
 Hardware stack levels required when called:    3
 This function calls:
		_LeerByte
		_Transmitir
		___awdiv
		___awmod
 This function is called by:
		Startup code after reset
 This function uses a non-reentrant model


 *************** function ___awmod *****************
 Defined at:
		line 5 in file "C:\Program Files (x86)\Microchip\xc8\v2.10\pic\sources\c90\common\awmod.c"
 Parameters:    Size  Location     Type
  divisor         2    2[BANK0 ] int 
  dividend        2    4[BANK0 ] int 
 Auto vars:     Size  Location     Type
  sign            1    8[BANK0 ] unsigned char 
  counter         1    7[BANK0 ] unsigned char 
 Return value:  Size  Location     Type
                  2    2[BANK0 ] int 
 Registers used:
		wreg, status,2, status,0
 Tracked objects:
		On entry : 
		On exit  : 
		Unchanged: 
 Data sizes:     COMMON   BANK0
      Params:         0       4
      Locals:         0       2
      Temps:          0       1
      Totals:         0       7
Total ram usage:        7 bytes
 Hardware stack levels used:    1
 Hardware stack levels required when called:    1
 This function calls:
		Nothing
 This function is called by:
		_main
 This function uses a non-reentrant model


 *************** function ___awdiv *****************
 Defined at:
		line 5 in file "C:\Program Files (x86)\Microchip\xc8\v2.10\pic\sources\c90\common\awdiv.c"
 Parameters:    Size  Location     Type
  divisor         2    2[BANK0 ] int 
  dividend        2    4[BANK0 ] int 
 Auto vars:     Size  Location     Type
  quotient        2    9[BANK0 ] int 
  sign            1    8[BANK0 ] unsigned char 
  counter         1    7[BANK0 ] unsigned char 
 Return value:  Size  Location     Type
                  2    2[BANK0 ] int 
 Registers used:
		wreg, status,2, status,0
 Tracked objects:
		On entry : 
		On exit  : 
		Unchanged: 
 Data sizes:     COMMON   BANK0
      Params:         0       4
      Locals:         0       4
      Temps:          0       1
      Totals:         0       9
Total ram usage:        9 bytes
 Hardware stack levels used:    1
 Hardware stack levels required when called:    1
 This function calls:
		Nothing
 This function is called by:
		_main
 This function uses a non-reentrant model


 *************** function _Transmitir *****************
 Defined at:
		line 133 in file "Main12F.c"
 Parameters:    Size  Location     Type
  BufferTx        1    wreg     unsigned char 
 Auto vars:     Size  Location     Type
  BufferTx        1   13[BANK0 ] unsigned char 
  h               1   12[BANK0 ] unsigned char 
  g               1   11[BANK0 ] unsigned char 
  f               1   10[BANK0 ] unsigned char 
  e               1    9[BANK0 ] unsigned char 
  d               1    8[BANK0 ] unsigned char 
  c               1    7[BANK0 ] unsigned char 
  b               1    6[BANK0 ] unsigned char 
  a               1    5[BANK0 ] unsigned char 
 Return value:  Size  Location     Type
                  1    wreg      void 
 Registers used:
		wreg, status,2, status,0, pclath, cstack
 Tracked objects:
		On entry : 
		On exit  : 
		Unchanged: 
 Data sizes:     COMMON   BANK0
      Params:         0       0
      Locals:         0       9
      Temps:          0       2
      Totals:         0      11
Total ram usage:       11 bytes
 Hardware stack levels used:    1
 Hardware stack levels required when called:    2
 This function calls:
		_Retardo
 This function is called by:
		_main
 This function uses a non-reentrant model


 *************** function _Retardo *****************
 Defined at:
		line 190 in file "Main12F.c"
 Parameters:    Size  Location     Type
		None
 Auto vars:     Size  Location     Type
		None
 Return value:  Size  Location     Type
                  1    wreg      void 
 Registers used:
		wreg
 Tracked objects:
		On entry : 
		On exit  : 
		Unchanged: 
 Data sizes:     COMMON   BANK0
      Params:         0       0
      Locals:         0       0
      Temps:          0       1
      Totals:         0       1
Total ram usage:        1 bytes
 Hardware stack levels used:    1
 Hardware stack levels required when called:    1
 This function calls:
		Nothing
 This function is called by:
		_Transmitir
 This function uses a non-reentrant model


 *************** function _LeerByte *****************
 Defined at:
		line 107 in file "Main12F.c"
 Parameters:    Size  Location     Type
		None
 Auto vars:     Size  Location     Type
  i               1    8[BANK0 ] unsigned char 
  res             1    7[BANK0 ] unsigned char 
 Return value:  Size  Location     Type
                  1    wreg      unsigned char 
 Registers used:
		wreg, status,2, status,0, pclath, cstack
 Tracked objects:
		On entry : 
		On exit  : 
		Unchanged: 
 Data sizes:     COMMON   BANK0
      Params:         0       0
      Locals:         0       2
      Temps:          0       3
      Totals:         0       5
Total ram usage:        5 bytes
 Hardware stack levels used:    1
 Hardware stack levels required when called:    2
 This function calls:
		_LeerBit
 This function is called by:
		_main
 This function uses a non-reentrant model


 *************** function _LeerBit *****************
 Defined at:
		line 115 in file "Main12F.c"
 Parameters:    Size  Location     Type
		None
 Auto vars:     Size  Location     Type
  res             1    3[BANK0 ] unsigned char 
 Return value:  Size  Location     Type
                  1    wreg      unsigned char 
 Registers used:
		wreg, status,2
 Tracked objects:
		On entry : 
		On exit  : 
		Unchanged: 
 Data sizes:     COMMON   BANK0
      Params:         0       0
      Locals:         0       1
      Temps:          0       1
      Totals:         0       2
Total ram usage:        2 bytes
 Hardware stack levels used:    1
 Hardware stack levels required when called:    1
 This function calls:
		Nothing
 This function is called by:
		_LeerByte
 This function uses a non-reentrant model


 *************** function _ISR *****************
 Defined at:
		line 193 in file "Main12F.c"
 Parameters:    Size  Location     Type
		None
 Auto vars:     Size  Location     Type
		None
 Return value:  Size  Location     Type
                  1    wreg      void 
 Registers used:
		wreg
 Tracked objects:
		On entry : 
		On exit  : 
		Unchanged: 
 Data sizes:     COMMON   BANK0
      Params:         0       0
      Locals:         0       0
      Temps:          0       2
      Totals:         0       2
Total ram usage:        2 bytes
 Hardware stack levels used:    1
 This function calls:
		Nothing
 This function is called by:
		Interrupt level 1
 This function uses a non-reentrant model



MODULE INFORMATION

Module		Function		Class		Link	Load	Size
C:\Program Files (x86)\Microchip\xc8\v2.10\pic\sources\c90\common\awdiv.c
		___awdiv       		CODE           	018F	0000	105

C:\Program Files (x86)\Microchip\xc8\v2.10\pic\sources\c90\common\awdiv.c estimated size: 105

shared
		__initialization		CODE           	000C	0000	7

shared estimated size: 7

Main12F.c
		_ISR           		CODE           	0291	0000	15
		_main          		CODE           	0014	0000	199
		_LeerBit       		CODE           	0251	0000	40
		_Transmitir    		CODE           	00DA	0000	182
		_Retardo       		CODE           	029F	0000	8
		_LeerByte      		CODE           	0278	0000	26

Main12F.c estimated size: 470

C:\Program Files (x86)\Microchip\xc8\v2.10\pic\sources\c90\common\awmod.c
		___awmod       		CODE           	01F7	0000	91

C:\Program Files (x86)\Microchip\xc8\v2.10\pic\sources\c90\common\awmod.c estimated size: 91

